<?php
return array (
  'App\\GraphQL\\Schema\\EventsSubsetType' => __DIR__ . '/EventsSubsetType.php',
  'App\\GraphQL\\Schema\\NodeInterfaceType' => __DIR__ . '/NodeInterfaceType.php',
  'App\\GraphQL\\Schema\\MutationType' => __DIR__ . '/MutationType.php',
  'App\\GraphQL\\Schema\\CreateEventInputType' => __DIR__ . '/CreateEventInputType.php',
  'App\\GraphQL\\Schema\\FilterOperatorType' => __DIR__ . '/FilterOperatorType.php',
  'App\\GraphQL\\Schema\\QueryUserConnectionType' => __DIR__ . '/QueryUserConnectionType.php',
  'App\\GraphQL\\Schema\\UserType' => __DIR__ . '/UserType.php',
  'App\\GraphQL\\Schema\\DeleteNodeInputType' => __DIR__ . '/DeleteNodeInputType.php',
  'App\\GraphQL\\Schema\\EventType' => __DIR__ . '/EventType.php',
  'App\\GraphQL\\Schema\\EventPayloadType' => __DIR__ . '/EventPayloadType.php',
  'App\\GraphQL\\Schema\\FilterValueTypeType' => __DIR__ . '/FilterValueTypeType.php',
  'App\\GraphQL\\Schema\\SpeechInputType' => __DIR__ . '/SpeechInputType.php',
  'App\\GraphQL\\Schema\\FilterType' => __DIR__ . '/FilterType.php',
  'App\\GraphQL\\Schema\\SortType' => __DIR__ . '/SortType.php',
  'App\\GraphQL\\Schema\\UpdateEventInputType' => __DIR__ . '/UpdateEventInputType.php',
  'App\\GraphQL\\Schema\\CreateUserInputType' => __DIR__ . '/CreateUserInputType.php',
  'App\\GraphQL\\Schema\\PageInfosType' => __DIR__ . '/PageInfosType.php',
  'App\\GraphQL\\Schema\\DeleteNodePayloadType' => __DIR__ . '/DeleteNodePayloadType.php',
  'App\\GraphQL\\Schema\\QueryType' => __DIR__ . '/QueryType.php',
  'App\\GraphQL\\Schema\\SpeechType' => __DIR__ . '/SpeechType.php',
  'App\\GraphQL\\Schema\\UserPayloadType' => __DIR__ . '/UserPayloadType.php',
  'App\\GraphQL\\Schema\\UpdateUserInputType' => __DIR__ . '/UpdateUserInputType.php',
  'App\\GraphQL\\Schema\\QueryUserEdgeType' => __DIR__ . '/QueryUserEdgeType.php',
  'App\\GraphQL\\Schema\\MeType' => __DIR__ . '/MeType.php',
  'App\\GraphQL\\Schema\\SortDirectionType' => __DIR__ . '/SortDirectionType.php',
  'App\\GraphQL\\Schema\\UsersSubsetType' => __DIR__ . '/UsersSubsetType.php',
  'App\\GraphQL\\Schema\\PageInfoType' => __DIR__ . '/PageInfoType.php',
);